// Jest Snapshot v1, https://goo.gl/fbAQLP

exports[`Audit Controller renders correctly textarea 1`] = `
<div
  class="audit-parent"
>
  <div>
    <div
      class="btn-group b-dropdown dropdown"
      id="__BVID__5"
    >
      <!---->
      <button
        aria-expanded="false"
        aria-haspopup="true"
        class="btn btn-secondary dropdown-toggle"
        id="__BVID__5__BV_toggle_"
        type="button"
      >
        Year
      </button>
      <ul
        aria-labelledby="__BVID__5__BV_toggle_"
        class="dropdown-menu"
        role="menu"
        tabindex="-1"
      >
        <li>
          <a
            class="dropdown-item"
            href="#"
            role="menuitem"
            target="_self"
          >
            
           All
         
          </a>
        </li>
        <li>
          <a
            class="dropdown-item"
            href="#"
            role="menuitem"
            target="_self"
          >
            
           2018
         
          </a>
        </li>
      </ul>
    </div>
     
    <div
      class="btn-group b-dropdown dropdown"
      id="__BVID__7"
    >
      <!---->
      <button
        aria-expanded="false"
        aria-haspopup="true"
        class="btn btn-secondary dropdown-toggle"
        id="__BVID__7__BV_toggle_"
        type="button"
      >
        Month
      </button>
      <ul
        aria-labelledby="__BVID__7__BV_toggle_"
        class="dropdown-menu"
        role="menu"
        tabindex="-1"
      >
        <li>
          <a
            class="dropdown-item"
            href="#"
            role="menuitem"
            target="_self"
          >
            
           All
         
          </a>
        </li>
        <li>
          <a
            class="dropdown-item"
            href="#"
            role="menuitem"
            target="_self"
          >
            
           Dec
         
          </a>
        </li>
      </ul>
    </div>
     
    <button
      class="btn btn-secondary"
      style="float: right;"
      type="button"
    >
      
         Export
       
    </button>
  </div>
   
  <p />
   
  <table
    aria-busy="false"
    aria-colcount="11"
    class="table b-table table-hover"
    id="__BVID__9"
  >
    <!---->
    <!---->
    <thead
      class=""
      role="rowgroup"
    >
      <!---->
      <tr
        role="row"
      >
        <th
          aria-colindex="1"
          class=""
          role="columnheader"
          scope="col"
        >
          Host.net ID
        </th>
        <th
          aria-colindex="2"
          class=""
          role="columnheader"
          scope="col"
        >
          Location
        </th>
        <th
          aria-colindex="3"
          class=""
          role="columnheader"
          scope="col"
        >
          Event
        </th>
        <th
          aria-colindex="4"
          class=""
          role="columnheader"
          scope="col"
        >
          Time.created
        </th>
        <th
          aria-colindex="5"
          class=""
          role="columnheader"
          scope="col"
        >
          Time.ended
        </th>
        <th
          aria-colindex="6"
          class=""
          role="columnheader"
          scope="col"
        >
          Food.served
        </th>
        <th
          aria-colindex="7"
          class=""
          role="columnheader"
          scope="col"
        >
          Food.amount
        </th>
        <th
          aria-colindex="8"
          class=""
          role="columnheader"
          scope="col"
        >
          Food.allergens
        </th>
        <th
          aria-colindex="9"
          class=""
          role="columnheader"
          scope="col"
        >
          Bring Containers
        </th>
        <th
          aria-colindex="10"
          class=""
          role="columnheader"
          scope="col"
        >
          Host.user Agent
        </th>
        <th
          aria-colindex="11"
          class=""
          role="columnheader"
          scope="col"
        >
          Ended
        </th>
      </tr>
    </thead>
    <!---->
    <tbody
      class=""
      role="rowgroup"
    >
      <!---->
      <tr
        class=""
        role="row"
      >
        <td
          aria-colindex="1"
          class=""
          role="cell"
        />
        <td
          aria-colindex="2"
          class=""
          role="cell"
        />
        <td
          aria-colindex="3"
          class=""
          role="cell"
        >
          Placeholder event
        </td>
        <td
          aria-colindex="4"
          class=""
          role="cell"
        >
          Tue Dec 18 2018 10:20:00 AM
        </td>
        <td
          aria-colindex="5"
          class=""
          role="cell"
        >
          Tue Dec 18 2018 11:11:00 AM
        </td>
        <td
          aria-colindex="6"
          class=""
          role="cell"
        >
          a
        </td>
        <td
          aria-colindex="7"
          class=""
          role="cell"
        >
          a
        </td>
        <td
          aria-colindex="8"
          class=""
          role="cell"
        >
          []
        </td>
        <td
          aria-colindex="9"
          class=""
          role="cell"
        >
          false
        </td>
        <td
          aria-colindex="10"
          class=""
          role="cell"
        >
          Mozilla/5.0 (X11; Ubuntu; Linux x86_64; rv:64.0) Gecko/20100101 Firefox/64.0
        </td>
        <td
          aria-colindex="11"
          class=""
          role="cell"
        />
      </tr>
      <tr
        class="table-update"
        role="row"
      >
        <td
          aria-colindex="1"
          class=""
          role="cell"
        />
        <td
          aria-colindex="2"
          class=""
          role="cell"
        />
        <td
          aria-colindex="3"
          class=""
          role="cell"
        />
        <td
          aria-colindex="4"
          class=""
          role="cell"
        >
          Invalid Date Invalid Date
        </td>
        <td
          aria-colindex="5"
          class=""
          role="cell"
        />
        <td
          aria-colindex="6"
          class=""
          role="cell"
        />
        <td
          aria-colindex="7"
          class=""
          role="cell"
        />
        <td
          aria-colindex="8"
          class=""
          role="cell"
        />
        <td
          aria-colindex="9"
          class=""
          role="cell"
        />
        <td
          aria-colindex="10"
          class=""
          role="cell"
        />
        <td
          aria-colindex="11"
          class=""
          role="cell"
        />
      </tr>
      <tr
        class="table-update"
        role="row"
      >
        <td
          aria-colindex="1"
          class=""
          role="cell"
        />
        <td
          aria-colindex="2"
          class=""
          role="cell"
        />
        <td
          aria-colindex="3"
          class=""
          role="cell"
        />
        <td
          aria-colindex="4"
          class=""
          role="cell"
        >
          Invalid Date Invalid Date
        </td>
        <td
          aria-colindex="5"
          class=""
          role="cell"
        />
        <td
          aria-colindex="6"
          class=""
          role="cell"
        />
        <td
          aria-colindex="7"
          class=""
          role="cell"
        />
        <td
          aria-colindex="8"
          class=""
          role="cell"
        />
        <td
          aria-colindex="9"
          class=""
          role="cell"
        />
        <td
          aria-colindex="10"
          class=""
          role="cell"
        />
        <td
          aria-colindex="11"
          class=""
          role="cell"
        />
      </tr>
      <tr
        class=""
        role="row"
      >
        <td
          aria-colindex="1"
          class=""
          role="cell"
        />
        <td
          aria-colindex="2"
          class=""
          role="cell"
        />
        <td
          aria-colindex="3"
          class=""
          role="cell"
        >
          Placeholder event
        </td>
        <td
          aria-colindex="4"
          class=""
          role="cell"
        >
          Tue Dec 18 2018 11:08:04 AM
        </td>
        <td
          aria-colindex="5"
          class=""
          role="cell"
        >
          Tue Dec 18 2018 1:00:00 PM
        </td>
        <td
          aria-colindex="6"
          class=""
          role="cell"
        >
          Leftover food from HUB meeting
        </td>
        <td
          aria-colindex="7"
          class=""
          role="cell"
        >
          About 8 full meals
        </td>
        <td
          aria-colindex="8"
          class=""
          role="cell"
        >
          []
        </td>
        <td
          aria-colindex="9"
          class=""
          role="cell"
        >
          false
        </td>
        <td
          aria-colindex="10"
          class=""
          role="cell"
        >
          Mozilla/5.0 (X11; Ubuntu; Linux x86_64; rv:64.0) Gecko/20100101 Firefox/64.0
        </td>
        <td
          aria-colindex="11"
          class=""
          role="cell"
        />
      </tr>
      <tr
        class="table-update"
        role="row"
      >
        <td
          aria-colindex="1"
          class=""
          role="cell"
        />
        <td
          aria-colindex="2"
          class=""
          role="cell"
        />
        <td
          aria-colindex="3"
          class=""
          role="cell"
        />
        <td
          aria-colindex="4"
          class=""
          role="cell"
        >
          Invalid Date Invalid Date
        </td>
        <td
          aria-colindex="5"
          class=""
          role="cell"
        />
        <td
          aria-colindex="6"
          class=""
          role="cell"
        />
        <td
          aria-colindex="7"
          class=""
          role="cell"
        />
        <td
          aria-colindex="8"
          class=""
          role="cell"
        />
        <td
          aria-colindex="9"
          class=""
          role="cell"
        />
        <td
          aria-colindex="10"
          class=""
          role="cell"
        />
        <td
          aria-colindex="11"
          class=""
          role="cell"
        />
      </tr>
      <tr
        class="table-update"
        role="row"
      >
        <td
          aria-colindex="1"
          class=""
          role="cell"
        />
        <td
          aria-colindex="2"
          class=""
          role="cell"
        />
        <td
          aria-colindex="3"
          class=""
          role="cell"
        />
        <td
          aria-colindex="4"
          class=""
          role="cell"
        >
          Invalid Date Invalid Date
        </td>
        <td
          aria-colindex="5"
          class=""
          role="cell"
        />
        <td
          aria-colindex="6"
          class=""
          role="cell"
        />
        <td
          aria-colindex="7"
          class=""
          role="cell"
        />
        <td
          aria-colindex="8"
          class=""
          role="cell"
        />
        <td
          aria-colindex="9"
          class=""
          role="cell"
        />
        <td
          aria-colindex="10"
          class=""
          role="cell"
        />
        <td
          aria-colindex="11"
          class=""
          role="cell"
        />
      </tr>
      <!---->
      <!---->
    </tbody>
  </table>
</div>
`;
