// Jest Snapshot v1, https://goo.gl/fbAQLP

exports[`Audit Controller renders correctly textarea 1`] = `
<div>
  <div>
    <div
      class="btn-group b-dropdown dropdown"
      id="__BVID__3"
    >
      <!---->
      <button
        aria-expanded="false"
        aria-haspopup="true"
        class="btn btn-secondary dropdown-toggle"
        id="__BVID__3__BV_toggle_"
        type="button"
      >
        Year
      </button>
      <div
        aria-labelledby="__BVID__3__BV_toggle_"
        class="dropdown-menu"
        role="menu"
      >
        <a
          class="dropdown-item"
          href="#"
          role="menuitem"
          target="_self"
        >
          
           All
           
        </a>
      </div>
    </div>
     
    <div
      class="btn-group b-dropdown dropdown"
      id="__BVID__4"
    >
      <!---->
      <button
        aria-expanded="false"
        aria-haspopup="true"
        class="btn btn-secondary dropdown-toggle"
        id="__BVID__4__BV_toggle_"
        type="button"
      >
        Month
      </button>
      <div
        aria-labelledby="__BVID__4__BV_toggle_"
        class="dropdown-menu"
        role="menu"
      >
        <a
          class="dropdown-item"
          href="#"
          role="menuitem"
          target="_self"
        >
          
           All
           
        </a>
      </div>
    </div>
     
    <button
      class="btn btn-secondary"
      style="float: right;"
      type="button"
    >
      Export
    </button>
  </div>
   
  <p />
   
  <table
    aria-busy="false"
    aria-colcount="0"
    class="table b-table table-hover"
    id="__BVID__5"
  >
    <!---->
    <!---->
    <thead
      class=""
    >
      <tr />
    </thead>
    <!---->
    <tbody
      class=""
    >
      <!---->
      <!---->
      <!---->
    </tbody>
  </table>
</div>
`;
