// Jest Snapshot v1, https://goo.gl/fbAQLP

exports[`Form Controller renders correctly textarea 1`] = `
<div
  class="p-0 container-fluid"
  modalshow="true"
>
  <form
    class=""
  >
    <div
      aria-labelledby="category-heading-null"
      class="form-category my-3 container"
      id="form-category"
    >
      <!---->
       
      <div
        class="ml-0 pl-2 container"
      >
        <div
          class="px-0 py-1 container-fluid"
        >
          <div
            class="form-group labelled-textarea mb-0"
            role="group"
          >
            <label
              class="d-block"
              for="textarea-null"
            >
              
            Event Name 
              <br />
            </label>
            <div>

              <textarea
                class="form-control form-control-md"
                id="textarea-null"
                placeholder="Hot Indian buffet food"
                rows="2"
                wrap="soft"
              />
              <!---->
              <!---->
              <!---->
            </div>
          </div>
           
          <!---->
        </div>
         
        <!---->
         
        <div
          class="px-0 py-1 container-fluid"
        >
          <div
            class="form-group labelled-textarea mb-0"
            role="group"
          >
            <label
              class="d-block"
              for="textarea-null"
            >
              
            Quantity 
              <br />
            </label>
            <div>
               
              <textarea
                class="form-control form-control-md"
                id="textarea-null"
                placeholder="About 8 full meals"
                rows="2"
                wrap="soft"
              />
              <!---->
              <!---->
              <!---->
            </div>
          </div>
           
          <!---->
        </div>
         
        <!---->
         
        <div
          class="px-0 py-1 container-fluid"
        >
          <div
            class="form-group labelled-textarea mb-0"
            role="group"
          >
            <label
              class="d-block"
              for="textarea-null"
            >
              
            End Time 
              <br />
            </label>
            <div>
               
              <input
                class="form-control form-control-md"
                id="time-input-null"
                placeholder="6:00 PM"
                type="time"
              />
              <!---->
              <!---->
              <!---->
            </div>
          </div>
           
          <!---->
        </div>
         
        <!---->
         
        <div
          class="px-0 py-1 container-fluid"
        >
          <div
            class="form-group labelled-textarea mb-0"
            role="group"
          >
            <label
              class="d-block"
              for="textarea-null"
            >
              
            Location 
              <br />
            </label>
            <div>
               
              <textarea
                class="form-control form-control-md"
                id="textarea-null"
                placeholder="e.g HUB 130"
                rows="2"
                wrap="soft"
              />
              <!---->
              <!---->
              <!---->
            </div>
          </div>
           
          <!---->
        </div>
         
        <!---->
      </div>
    </div>
     
    <hr />
     
    <div
      aria-labelledby="category-heading-null"
      class="form-category my-3 container"
      id="food-specifications"
    >
      <h3
        class="h5 pt-2 pb-3 pl-1"
        id="category-heading-null"
      >
        Food Specifications 
      </h3>
       
      <div
        class="ml-0 pl-2 container"
      >
        <div
          class="px-0 py-1 container-fluid"
        >
          <div
            class="form-group labelled-textarea mb-0"
            role="group"
          >
            <label
              class="d-block"
              for="textarea-null"
            >
              
            Does the food contain? 
              <br />
            </label>
            <div>
               
              <div
                class=""
                id="checkbox-null"
                role="group"
                tabindex="-1"
              >
                <div
                  class="row mx-0"
                >
                  <div
                    class="custom-control custom-control-inline custom-checkbox"
                  >
                    <input
                      autocomplete="off"
                      class="custom-control-input"
                      name="checkbox-null"
                      type="checkbox"
                      value="Dairy"
                    />
                    <label
                      class="custom-control-label"
                    >
                       Dairy 
                    </label>
                  </div>
                  <br />
                </div>
                <div
                  class="row mx-0"
                >
                  <div
                    class="custom-control custom-control-inline custom-checkbox"
                  >
                    <input
                      autocomplete="off"
                      class="custom-control-input"
                      name="checkbox-null"
                      type="checkbox"
                      value="Eggs"
                    />
                    <label
                      class="custom-control-label"
                    >
                       Eggs 
                    </label>
                  </div>
                  <br />
                </div>
                <div
                  class="row mx-0"
                >
                  <div
                    class="custom-control custom-control-inline custom-checkbox"
                  >
                    <input
                      autocomplete="off"
                      class="custom-control-input"
                      name="checkbox-null"
                      type="checkbox"
                      value="Fish"
                    />
                    <label
                      class="custom-control-label"
                    >
                       Fish 
                    </label>
                  </div>
                  <br />
                </div>
                <div
                  class="row mx-0"
                >
                  <div
                    class="custom-control custom-control-inline custom-checkbox"
                  >
                    <input
                      autocomplete="off"
                      class="custom-control-input"
                      name="checkbox-null"
                      type="checkbox"
                      value="Shellfish"
                    />
                    <label
                      class="custom-control-label"
                    >
                       Shellfish 
                    </label>
                  </div>
                  <br />
                </div>
                <div
                  class="row mx-0"
                >
                  <div
                    class="custom-control custom-control-inline custom-checkbox"
                  >
                    <input
                      autocomplete="off"
                      class="custom-control-input"
                      name="checkbox-null"
                      type="checkbox"
                      value="Meat"
                    />
                    <label
                      class="custom-control-label"
                    >
                       Meat 
                    </label>
                  </div>
                  <br />
                </div>
                <div
                  class="row mx-0"
                >
                  <div
                    class="custom-control custom-control-inline custom-checkbox"
                  >
                    <input
                      autocomplete="off"
                      class="custom-control-input"
                      name="checkbox-null"
                      type="checkbox"
                      value="Gluten (wheat)"
                    />
                    <label
                      class="custom-control-label"
                    >
                       Gluten (wheat) 
                    </label>
                  </div>
                  <br />
                </div>
                <div
                  class="row mx-0"
                >
                  <div
                    class="custom-control custom-control-inline custom-checkbox"
                  >
                    <input
                      autocomplete="off"
                      class="custom-control-input"
                      name="checkbox-null"
                      type="checkbox"
                      value="Soy"
                    />
                    <label
                      class="custom-control-label"
                    >
                       Soy 
                    </label>
                  </div>
                  <br />
                </div>
                <div
                  class="row mx-0"
                >
                  <div
                    class="custom-control custom-control-inline custom-checkbox"
                  >
                    <input
                      autocomplete="off"
                      class="custom-control-input"
                      name="checkbox-null"
                      type="checkbox"
                      value="Peanuts"
                    />
                    <label
                      class="custom-control-label"
                    >
                       Peanuts 
                    </label>
                  </div>
                  <br />
                </div>
                <div
                  class="row mx-0"
                >
                  <div
                    class="custom-control custom-control-inline custom-checkbox"
                  >
                    <input
                      autocomplete="off"
                      class="custom-control-input"
                      name="checkbox-null"
                      type="checkbox"
                      value="Tree Nuts"
                    />
                    <label
                      class="custom-control-label"
                    >
                       Tree Nuts 
                    </label>
                  </div>
                  <br />
                </div>
              </div>
              <!---->
              <!---->
              <!---->
            </div>
          </div>
           
          <!---->
        </div>
         
        <div
          class="px-0 py-1 container-fluid"
        >
          <div
            class="form-group labelled-textarea mb-0"
            role="group"
          >
            <label
              class="d-block"
              for="textarea-null"
            >
              
            Do students need to bring containers? 
              <br />
            </label>
            <div>
               
              <div
                class="container"
                id="button-null"
                value=""
              >
                <button
                  class="btn btn-outline-success"
                  type="button"
                >
                  Yes
                </button>
                 
                <button
                  class="btn btn-outline-success"
                  type="button"
                >
                  No
                </button>
              </div>
              <!---->
              <!---->
              <!---->
            </div>
          </div>
           
          <!---->
        </div>
      </div>
    </div>
     
    <div
      aria-labelledby="category-heading-null"
      class="form-category my-3 container"
      id="message-preview"
    >
      <h3
        class="h5 pt-2 pb-3 pl-1"
        id="category-heading-null"
      >
        Message Preview 
      </h3>
       
      <div
        class="ml-0 pl-2 container"
      >
        <p
          style="color: green;"
        >
          An event has just been posted! Here are the details...
        </p>
         
        <p>
          Food Served: 
        </p>
         
        <p>
          Location: 
        </p>
         
        <p>
          Amount Left: 
        </p>
         
        <p>
          Ends At: 
        </p>
         
        <p>
          
        </p>
         
        <p>
          
        </p>
         
        <br />
      </div>
    </div>
  </form>
   
  <hr />
   
  <div
    class="mb-4 d-flex justify-content-end container"
  >
    <a
      aria-disabled="true"
      class="float-right btn btn-primary btn-lg py-2 disabled"
      href="#"
      tabindex="-1"
      target="_self"
      type="submit"
    >
       Send 
    </a>
  </div>
   
  <div>
    <div

      style="position: absolute; z-index: 1040;"
    >
      <div
        aria-hidden="true"
        class="modal fade"
        role="dialog"
        style="display: none;"
        tabindex="-1"
      >
        <div
          class="modal-dialog modal-md"
        >
          <div
            class="modal-content"
            id="modal-null___BV_modal_content_"
            role="document"
          >
            <header
              class="modal-header bg-light border-light"
            >
              <h3
                class="modal-title"
              >

            </div>
            <footer
              class="modal-footer bg-light border-light"
            >
              <button
                class="btn btn-secondary"
                type="button"
              >
                Cancel
              </button>
              <button
                class="btn btn-primary"
                type="button"
              >
                Send
              </button>
            </footer>
          </div>
        </div>
      </div>
      <!---->
      <!---->
    </div>
  </div>
</div>
`;
