// Jest Snapshot v1, https://goo.gl/fbAQLP

exports[`Form Category renders correctly textarea 1`] = `
<div
  aria-labelledby="category-heading-null"
  class="form-category my-3 container"
  id="section-name"
>
  <h3
    class="h5 pt-2 pb-3 pl-1"
    id="category-heading-null"
  >
    Section Name 
  </h3>
   
  <div
    class="ml-2 pl-4 container"
  />
</div>
`;
