// Jest Snapshot v1, https://goo.gl/fbAQLP

exports[`Food Categories Page renders correctly 1`] = `
<div
  class="page"
>
  <div
    class="page-content pb-2"
  >
    <header
      class="md-5 mb-2"
    >
      <!---->
       
      <div
        class="standard-container mt-md-5 mt-4"
      >
        <h1
          id="standard-heading"
        >
          
    Food service information
  
        </h1>
      </div>
    </header>
     
    <main
      class="standard-container mt-3"
      id="standard-body"
    >
      <p>
        
      Let’s determine whether your food can be shared with the public.
      Please select all that apply.
    
      </p>
       
      <fieldset
        class="form-group"
      >
        <!---->
        <div
          role="group"
          tabindex="-1"
        >
          <div
            class="custom-control custom-checkbox"
          >
            <input
              aria-labelledby="catering-option"
              autocomplete="off"
              class="custom-control-input"
              type="checkbox"
              value="preparedByAuth"
            />
            <label
              class="custom-control-label"
            >
              <span
                id="catering-option"
              >
                
          My food was prepared by UW Housing &
          Food Services or Bay Laurel Catering.
        
              </span>
            </label>
          </div>
           
          <div
            class="mt-2 custom-control custom-checkbox"
          >
            <input
              aria-labelledby="permit-option"
              autocomplete="off"
              class="custom-control-input"
              type="checkbox"
              value="hasPermit"
            />
            <label
              class="custom-control-label"
            >
              <span
                id="permit-option"
              >
                
          I have a UW Temporary Food Service Permit.
          
                <a
                  aria-controls="perm-info"
                  aria-expanded="false"
                  aria-label="Learn more about UW Temporary Food Service Permit"
                  class=""
                  herf="#"
                  href="#"
                  role="button"
                  target="_self"
                >
                  
            Learn more
          
                </a>
              </span>
            </label>
          </div>
           
          <div
            class="custom-collapse collapse-text-box collapse"
            id="perm-info"
            style="display: none;"
          >
            <div
              class="custom-text-box"
            >
              
        When providing food to the public (anyone beyond the staff or
        faculty of your unit), UW offices are required to secure a
        Temporary Food Permit through
        
              <a
                aria-label="UW Environmental Health & Safety
        Temporary Food Service Permit page"
                href="#"
              >
                 UW Environmental Health &
        Safety 
              </a>
               to help ensure that food service providers
        meet safety regulations and the food itself is safe for consumption.
      
            </div>
          </div>
           
          <div
            class="mt-2 custom-control custom-checkbox"
          >
            <input
              aria-describedby="none-apply"
              autocomplete="off"
              class="custom-control-input"
              type="checkbox"
              value="none"
            />
            <label
              class="custom-control-label"
            >
              <span
                id="none-apply"
              >
                
          None of these apply.
        
              </span>
            </label>
          </div>
           
          <div
            class="invalid-feedback pt-2"
            id="food-service-feedback"
            role="alert"
          >
            <span
              aria-hidden="true"
            >
              Please select at least one option to move on.
            </span>
             
            <span
              class="sr-only"
              role="presentation"
              unselectable="on"
            >
              Please select at least one option to move on. Please navigate back up to the checkboxes
            </span>
          </div>
          <!---->
          <!---->
          <!---->
        </div>
      </fieldset>
       
      <div
        class="mt-5"
      >
        <div
          class="row justify-content-between"
        >
          <div
            class="col-md-3 col-lg-3 order-md-2"
          >
            <button
              aria-label="Continue and submit selected checkboxes"
              class="btn mb-3 button-text btn-primary btn-lg btn-block"
              type="submit"
            >
              
            Continue
          
            </button>
          </div>
           
          <div
            class="col-md-3 col-lg-3 order-md-1"
          >
            <button
              class="btn hh-back-button button-text btn-outline-secondary btn-lg btn-block"
              type="submit"
            >
              Back
            </button>
          </div>
        </div>
      </div>
    </main>
  </div>
   
  <footer
    class="text-center"
    id="relative-footer"
  >
    <a
      href="mailto:help@uw.edu?subject=Hungry Husky support"
    >
      
      Contact support
    
    </a>
     
    <p>
      © 2019 University of Washington
    </p>
  </footer>
</div>
`;
