// Jest Snapshot v1, https://goo.gl/fbAQLP

exports[`Host Close Page renders correctly 1`] = `
<div
  class="page"
>
  <div
    class="page-content pb-2"
  >
    <header
      class="md-5 mb-2"
    >
      <!---->
       
      <div
        class="standard-container mt-md-5 mt-4"
      >
        <h1
          id="standard-heading"
        >
          
        Your food cannot be shared with UW Food Alert.
    
        </h1>
      </div>
    </header>
     
    <main
      class="standard-container mt-3"
      id="standard-body"
    >
      <p>
        You indicated that your food is homemade, which makes it
        ineligible to be shared with the public via UW Food Alert.
      </p>
       
      <p>
        You are still able to share it with your colleagues in your
        office. If you have questions about how to share food with UW Food Alert, please email
        
        <a
          href="mailto:uwfoodalert@uw.edu"
        >
          uwfoodalert@uw.edu
        </a>
        .
        And thanks for thinking of UW Food Alert!
      </p>
       
    </main>
  </div>
   
  <footer
    class="text-center"
    id="relative-footer"
  >
    <a
      href="mailto:help@uw.edu?subject=Hungry Husky support"
    >
      
      Contact support
    
    </a>
     
    <p>
      © 2019 University of Washington
    </p>
  </footer>
</div>
`;
