// Jest Snapshot v1, https://goo.gl/fbAQLP

exports[`Need Permit Page renders correctly 1`] = `
<div
  class="page"
>
  <div
    class="page-content pb-2"
  >
    <header
      class="md-5 mb-2"
    >
      <!---->
       
      <div
        class="standard-container mt-md-5 mt-4"
      >
        <h1
          id="standard-heading"
        >
          
        You need a Temporary Food Service Permit
    
        </h1>
      </div>
    </header>
     
    <main
      class="standard-container mt-3"
      id="standard-body"
    >
      <p>
        
        Based on what you’ve told us about your food, you’ll need to
        obtain a Temporary Food Service Permit to share via UW Food Alert.
      
      </p>
       
      <p>
        The only food that can be shared without a permit is:
      </p>
       
      <ul
        class="ml-4"
      >
        <li>
          Non-perishable, or
        </li>
         
        <li>
          Commercially pre-packaged, or
        </li>
         
        <li>
          
          Prepared by UW Housing and Food Services or Bay Laurel Catering
        
        </li>
      </ul>
       
      <p>
        
        Keep in mind for future events, it takes two weeks to get a permit
        and a new permit is required for every event. If you have
        questions about how to share food with UW Food Alert, please email
        
        <a
          href="mailto:uwfoodalert@uw.edu"
        >
          uwfoodalert@uw.edu
        </a>
        .
        And thanks for thinking of UW Food Alert!
      
      </p>
       
      <div
        class="mt-5"
      >
        <div
          class="row justify-content-end"
        >
          <div
            class="col-md-3 col-lg-3"
          >
            <a
              class="btn mb-3 button-text btn-primary btn-lg btn-block"
              href="https://www.ehs.washington.edu/workplace/food-safety-program/temporary-food-service-permit"
              target="_self"
            >
              
                Get a permit
            
            </a>
          </div>
        </div>
      </div>
    </main>
  </div>
   
  <footer
    class="text-center"
    id="relative-footer"
  >
    <a
      href="mailto:help@uw.edu?subject=Hungry Husky support"
    >
      
      Contact support
    
    </a>
     
    <p>
      © 2019 University of Washington
    </p>
  </footer>
</div>
`;
