// Jest Snapshot v1, https://goo.gl/fbAQLP

exports[`Food Categories Page renders correctly 1`] = `
<div
  class="page"
>
  <div
    id="standard-notification"
  >
    <div
      class="collapse"
      id="notif-container"
      style="display: none;"
    >
      <div
        class="text-center py-3 container-fluid"
      >
        <div
          class="container"
        >
          <div
            class="row justify-content-center"
          >
            <div
              class="col-md-8"
            >
              <div
                class="h5 text-white pt-2"
              />
            </div>
          </div>
        </div>
      </div>
    </div>
  </div>
   
  <div
    class="page-content pb-2"
  >
     
    <div
      class="container"
    >
      <div
        class="row justify-content-center"
      >
        <div
          class="page-content-padding col-md-12 col-lg-8"
        >
          <h1
            class="pt-md-5 pt-3 pb-2"
            id="standard-heading"
          >
            
    Compose notification
  
          </h1>
           
          <div
            id="standard-body"
          >
            <div>
              <div
                id="submitconfirmation___BV_modal_outer_"
                style="position: absolute; z-index: 1040;"
              >
                <div
                  aria-hidden="true"
                  class="modal fade"
                  id="submitconfirmation"
                  role="dialog"
                  style="display: none;"
                  tabindex="-1"
                >
                  <div
                    class="modal-dialog modal-md"
                  >
                    <div
                      aria-describedby="submitconfirmation___BV_modal_body_"
                      aria-labelledby="submitconfirmation___BV_modal_header_"
                      class="modal-content"
                      id="submitconfirmation___BV_modal_content_"
                      role="document"
                    >
                      <header
                        class="modal-header"
                        id="submitconfirmation___BV_modal_header_"
                      >
                        <h5
                          class="modal-title"
                        >
                          Confirmation
                        </h5>
                        <button
                          aria-label="Close"
                          class="close"
                          type="button"
                        >
                          ×
                        </button>
                      </header>
                      <div
                        class="modal-body"
                        id="submitconfirmation___BV_modal_body_"
                      >
                        <p>
                          
        We will send your notification to Hungry Husky Subscribers.
      
                        </p>
                         
                        <div
                          class="custom-preview-box"
                        >
                          <span>
                            Hot Indian buffet food
                          </span>
                           from
        
                          <span>
                            FIUTS weekly club meeting
                          </span>
                          .
        
                          <br />
                           
                          <br />
                          
        Quantity:
        
                          <span>
                            About 8 full meals
                          </span>
                           
                          <br />
                          
        End time:
        
                          <span>
                            11:11 PM
                          </span>
                           
                          <br />
                          
        Location: 
                          <span>
                            HUB 130
                          </span>
                           
                          <!---->
                           
                          <br />
                           
                          <!---->
                        </div>
                      </div>
                      <footer
                        class="modal-footer"
                        id="submitconfirmation___BV_modal_footer_"
                      >
                        <button
                          class="btn btn-outline-secondary"
                          type="button"
                        >
                          Cancel
                        </button>
                        <button
                          class="btn btn-primary"
                          type="button"
                        >
                          Send
                        </button>
                      </footer>
                    </div>
                  </div>
                </div>
                <!---->
                <!---->
              </div>
            </div>
             
            <form
              class=""
            >
              <p
                class="mb-0 pb-0"
              >
                
        Now let's get some details about your food and event so
        you can send a notification.
      
              </p>
               
              <label
                class="standard-label"
                for="event-name"
              >
                Event name
              </label>
               
              <input
                aria-describedby="Name of the event"
                aria-required="true"
                class="standard-placeholder form-control form-control-lg"
                id="event-name"
                placeholder="FIUTS weekly club meeting"
                required="required"
                type="text"
              />
               
              <label
                class="standard-label"
                for="food-description"
              >
                
        Describe the food
      
              </label>
               
              <textarea
                aria-describedby="Describe the food"
                aria-required="true"
                class="standard-placeholder form-control form-control-lg"
                id="food-description"
                placeholder="Hot Indian buffet food"
                required="required"
                rows="2"
                wrap="soft"
              />
               
              <label
                class="standard-label"
                for="quantity"
              >
                Quantity
              </label>
               
              <input
                aria-describedby="Quantity of food"
                aria-required="true"
                class="standard-placeholder form-control form-control-lg"
                id="quantity"
                placeholder="About 8 full meals"
                required="required"
                type="text"
              />
               
              <label
                class="standard-label"
                for="end-time"
              >
                
        End time (when food service will end)
      
              </label>
               
              <div
                class="date-time-picker standard-placeholder"
                id="end-time"
              >
                <div
                  class="field flex align-center has-value no-label"
                  data-v-a0144ed0=""
                >
                  <input
                    class="field-input"
                    data-v-a0144ed0=""
                    id="end-time"
                    placeholder="Select date & time"
                    readonly="readonly"
                    type="text"
                  />
                  <!---->
                  <button
                    class="custom-button flex align-center justify-content-center field-clear-button round"
                    data-v-02b1f8d2=""
                    data-v-a0144ed0=""
                    tabindex="-1"
                    type="button"
                  >
                    <span
                      class="custom-button-effect"
                      data-v-02b1f8d2=""
                      style="background-color: rgba(0, 0, 0, 0.54);"
                    />
                    <span
                      class="custom-button-content flex align-center justify-content-center flex-1"
                      data-v-02b1f8d2=""
                      style="color: rgba(0, 0, 0, 0.54); fill: rgba(0, 0, 0, 0.54);"
                    >
                      <span
                        class="fs-16"
                        data-v-02b1f8d2=""
                        data-v-a0144ed0=""
                      >
                        
      ✕
    
                      </span>
                    </span>
                  </button>
                </div>
                <!---->
                <div
                  class="datetimepicker flex"
                  data-v-1dc7d483=""
                  style="top: 100%; margin-bottom: 10px; display: none;"
                >
                  <div
                    class="datepicker flex flex-direction-column"
                    data-v-1dc7d483=""
                    style="top: 100%; margin-bottom: 10px; width: 160px; max-width: 160px; min-width: 160px;"
                  >
                    <div
                      class="header-picker"
                      data-v-17cb1efe=""
                      data-v-1dc7d483=""
                      style="padding: 10px 0px; background-color: dodgerblue;"
                    >
                      <!---->
                      <div
                        class="flex justify-content-between"
                        data-v-17cb1efe=""
                      >
                        <!---->
                        <div
                          class="header-picker-time flex flex-fixed flex-1 justify-content-center"
                          data-v-17cb1efe=""
                          style="flex: 0 0 100%; width: 100%; min-width: 100%; max-width: 100%;"
                        >
                          <span
                            class="dots-text header-picker-hour twelve"
                            data-v-17cb1efe=""
                          >
                            <span
                              class="flex-fixed"
                              data-v-17cb1efe=""
                            >
                              
          11:11 pm
        
                            </span>
                          </span>
                        </div>
                      </div>
                    </div>
                    <div
                      class="pickers-container flex"
                      data-v-1dc7d483=""
                    >
                      <!---->
                      <div
                        class="time-picker flex flex-fixed flex-1"
                        data-v-1dc7d483=""
                        data-v-56d9fd76=""
                        style="height: 200px;"
                      >
                        <div
                          class="time-picker-column flex-1 flex flex-direction-column text-center"
                          data-v-56d9fd76=""
                        >
                          <div
                            data-v-56d9fd76=""
                          >
                            <div
                              class="before"
                              data-v-56d9fd76=""
                            />
                            <button
                              class="time-picker-column-item flex align-center justify-content-center"
                              data-v-56d9fd76=""
                              tabindex="-1"
                              type="button"
                            >
                              <span
                                class="time-picker-column-item-effect"
                                data-v-56d9fd76=""
                                style="background-color: dodgerblue;"
                              />
                              <span
                                class="time-picker-column-item-text flex-1"
                                data-v-56d9fd76=""
                              >
                                
          01
        
                              </span>
                            </button>
                            <button
                              class="time-picker-column-item flex align-center justify-content-center"
                              data-v-56d9fd76=""
                              tabindex="-1"
                              type="button"
                            >
                              <span
                                class="time-picker-column-item-effect"
                                data-v-56d9fd76=""
                                style="background-color: dodgerblue;"
                              />
                              <span
                                class="time-picker-column-item-text flex-1"
                                data-v-56d9fd76=""
                              >
                                
          02
        
                              </span>
                            </button>
                            <button
                              class="time-picker-column-item flex align-center justify-content-center"
                              data-v-56d9fd76=""
                              tabindex="-1"
                              type="button"
                            >
                              <span
                                class="time-picker-column-item-effect"
                                data-v-56d9fd76=""
                                style="background-color: dodgerblue;"
                              />
                              <span
                                class="time-picker-column-item-text flex-1"
                                data-v-56d9fd76=""
                              >
                                
          03
        
                              </span>
                            </button>
                            <button
                              class="time-picker-column-item flex align-center justify-content-center"
                              data-v-56d9fd76=""
                              tabindex="-1"
                              type="button"
                            >
                              <span
                                class="time-picker-column-item-effect"
                                data-v-56d9fd76=""
                                style="background-color: dodgerblue;"
                              />
                              <span
                                class="time-picker-column-item-text flex-1"
                                data-v-56d9fd76=""
                              >
                                
          04
        
                              </span>
                            </button>
                            <button
                              class="time-picker-column-item flex align-center justify-content-center"
                              data-v-56d9fd76=""
                              tabindex="-1"
                              type="button"
                            >
                              <span
                                class="time-picker-column-item-effect"
                                data-v-56d9fd76=""
                                style="background-color: dodgerblue;"
                              />
                              <span
                                class="time-picker-column-item-text flex-1"
                                data-v-56d9fd76=""
                              >
                                
          05
        
                              </span>
                            </button>
                            <button
                              class="time-picker-column-item flex align-center justify-content-center"
                              data-v-56d9fd76=""
                              tabindex="-1"
                              type="button"
                            >
                              <span
                                class="time-picker-column-item-effect"
                                data-v-56d9fd76=""
                                style="background-color: dodgerblue;"
                              />
                              <span
                                class="time-picker-column-item-text flex-1"
                                data-v-56d9fd76=""
                              >
                                
          06
        
                              </span>
                            </button>
                            <button
                              class="time-picker-column-item flex align-center justify-content-center"
                              data-v-56d9fd76=""
                              tabindex="-1"
                              type="button"
                            >
                              <span
                                class="time-picker-column-item-effect"
                                data-v-56d9fd76=""
                                style="background-color: dodgerblue;"
                              />
                              <span
                                class="time-picker-column-item-text flex-1"
                                data-v-56d9fd76=""
                              >
                                
          07
        
                              </span>
                            </button>
                            <button
                              class="time-picker-column-item flex align-center justify-content-center"
                              data-v-56d9fd76=""
                              tabindex="-1"
                              type="button"
                            >
                              <span
                                class="time-picker-column-item-effect"
                                data-v-56d9fd76=""
                                style="background-color: dodgerblue;"
                              />
                              <span
                                class="time-picker-column-item-text flex-1"
                                data-v-56d9fd76=""
                              >
                                
          08
        
                              </span>
                            </button>
                            <button
                              class="time-picker-column-item flex align-center justify-content-center"
                              data-v-56d9fd76=""
                              tabindex="-1"
                              type="button"
                            >
                              <span
                                class="time-picker-column-item-effect"
                                data-v-56d9fd76=""
                                style="background-color: dodgerblue;"
                              />
                              <span
                                class="time-picker-column-item-text flex-1"
                                data-v-56d9fd76=""
                              >
                                
          09
        
                              </span>
                            </button>
                            <button
                              class="time-picker-column-item flex align-center justify-content-center"
                              data-v-56d9fd76=""
                              tabindex="-1"
                              type="button"
                            >
                              <span
                                class="time-picker-column-item-effect"
                                data-v-56d9fd76=""
                                style="background-color: dodgerblue;"
                              />
                              <span
                                class="time-picker-column-item-text flex-1"
                                data-v-56d9fd76=""
                              >
                                
          10
        
                              </span>
                            </button>
                            <button
                              class="time-picker-column-item flex align-center justify-content-center"
                              data-v-56d9fd76=""
                              tabindex="-1"
                              type="button"
                            >
                              <span
                                class="time-picker-column-item-effect"
                                data-v-56d9fd76=""
                                style="background-color: dodgerblue;"
                              />
                              <span
                                class="time-picker-column-item-text flex-1"
                                data-v-56d9fd76=""
                              >
                                
          11
        
                              </span>
                            </button>
                            <button
                              class="time-picker-column-item flex align-center justify-content-center"
                              data-v-56d9fd76=""
                              tabindex="-1"
                              type="button"
                            >
                              <span
                                class="time-picker-column-item-effect"
                                data-v-56d9fd76=""
                                style="background-color: dodgerblue;"
                              />
                              <span
                                class="time-picker-column-item-text flex-1"
                                data-v-56d9fd76=""
                              >
                                
          12
        
                              </span>
                            </button>
                            <div
                              class="after"
                              data-v-56d9fd76=""
                            />
                          </div>
                        </div>
                        <div
                          class="time-picker-column flex-1 flex flex-direction-column text-center"
                          data-v-56d9fd76=""
                        >
                          <div
                            data-v-56d9fd76=""
                          >
                            <div
                              class="before"
                              data-v-56d9fd76=""
                            />
                            <button
                              class="time-picker-column-item flex align-center justify-content-center"
                              data-v-56d9fd76=""
                              tabindex="-1"
                              type="button"
                            >
                              <span
                                class="time-picker-column-item-effect"
                                data-v-56d9fd76=""
                                style="background-color: dodgerblue;"
                              />
                              <span
                                class="time-picker-column-item-text flex-1"
                                data-v-56d9fd76=""
                              >
                                
          00
        
                              </span>
                            </button>
                            <button
                              class="time-picker-column-item flex align-center justify-content-center"
                              data-v-56d9fd76=""
                              tabindex="-1"
                              type="button"
                            >
                              <span
                                class="time-picker-column-item-effect"
                                data-v-56d9fd76=""
                                style="background-color: dodgerblue;"
                              />
                              <span
                                class="time-picker-column-item-text flex-1"
                                data-v-56d9fd76=""
                              >
                                
          01
        
                              </span>
                            </button>
                            <button
                              class="time-picker-column-item flex align-center justify-content-center"
                              data-v-56d9fd76=""
                              tabindex="-1"
                              type="button"
                            >
                              <span
                                class="time-picker-column-item-effect"
                                data-v-56d9fd76=""
                                style="background-color: dodgerblue;"
                              />
                              <span
                                class="time-picker-column-item-text flex-1"
                                data-v-56d9fd76=""
                              >
                                
          02
        
                              </span>
                            </button>
                            <button
                              class="time-picker-column-item flex align-center justify-content-center"
                              data-v-56d9fd76=""
                              tabindex="-1"
                              type="button"
                            >
                              <span
                                class="time-picker-column-item-effect"
                                data-v-56d9fd76=""
                                style="background-color: dodgerblue;"
                              />
                              <span
                                class="time-picker-column-item-text flex-1"
                                data-v-56d9fd76=""
                              >
                                
          03
        
                              </span>
                            </button>
                            <button
                              class="time-picker-column-item flex align-center justify-content-center"
                              data-v-56d9fd76=""
                              tabindex="-1"
                              type="button"
                            >
                              <span
                                class="time-picker-column-item-effect"
                                data-v-56d9fd76=""
                                style="background-color: dodgerblue;"
                              />
                              <span
                                class="time-picker-column-item-text flex-1"
                                data-v-56d9fd76=""
                              >
                                
          04
        
                              </span>
                            </button>
                            <button
                              class="time-picker-column-item flex align-center justify-content-center"
                              data-v-56d9fd76=""
                              tabindex="-1"
                              type="button"
                            >
                              <span
                                class="time-picker-column-item-effect"
                                data-v-56d9fd76=""
                                style="background-color: dodgerblue;"
                              />
                              <span
                                class="time-picker-column-item-text flex-1"
                                data-v-56d9fd76=""
                              >
                                
          05
        
                              </span>
                            </button>
                            <button
                              class="time-picker-column-item flex align-center justify-content-center"
                              data-v-56d9fd76=""
                              tabindex="-1"
                              type="button"
                            >
                              <span
                                class="time-picker-column-item-effect"
                                data-v-56d9fd76=""
                                style="background-color: dodgerblue;"
                              />
                              <span
                                class="time-picker-column-item-text flex-1"
                                data-v-56d9fd76=""
                              >
                                
          06
        
                              </span>
                            </button>
                            <button
                              class="time-picker-column-item flex align-center justify-content-center"
                              data-v-56d9fd76=""
                              tabindex="-1"
                              type="button"
                            >
                              <span
                                class="time-picker-column-item-effect"
                                data-v-56d9fd76=""
                                style="background-color: dodgerblue;"
                              />
                              <span
                                class="time-picker-column-item-text flex-1"
                                data-v-56d9fd76=""
                              >
                                
          07
        
                              </span>
                            </button>
                            <button
                              class="time-picker-column-item flex align-center justify-content-center"
                              data-v-56d9fd76=""
                              tabindex="-1"
                              type="button"
                            >
                              <span
                                class="time-picker-column-item-effect"
                                data-v-56d9fd76=""
                                style="background-color: dodgerblue;"
                              />
                              <span
                                class="time-picker-column-item-text flex-1"
                                data-v-56d9fd76=""
                              >
                                
          08
        
                              </span>
                            </button>
                            <button
                              class="time-picker-column-item flex align-center justify-content-center"
                              data-v-56d9fd76=""
                              tabindex="-1"
                              type="button"
                            >
                              <span
                                class="time-picker-column-item-effect"
                                data-v-56d9fd76=""
                                style="background-color: dodgerblue;"
                              />
                              <span
                                class="time-picker-column-item-text flex-1"
                                data-v-56d9fd76=""
                              >
                                
          09
        
                              </span>
                            </button>
                            <button
                              class="time-picker-column-item flex align-center justify-content-center"
                              data-v-56d9fd76=""
                              tabindex="-1"
                              type="button"
                            >
                              <span
                                class="time-picker-column-item-effect"
                                data-v-56d9fd76=""
                                style="background-color: dodgerblue;"
                              />
                              <span
                                class="time-picker-column-item-text flex-1"
                                data-v-56d9fd76=""
                              >
                                
          10
        
                              </span>
                            </button>
                            <button
                              class="time-picker-column-item flex align-center justify-content-center"
                              data-v-56d9fd76=""
                              tabindex="-1"
                              type="button"
                            >
                              <span
                                class="time-picker-column-item-effect"
                                data-v-56d9fd76=""
                                style="background-color: dodgerblue;"
                              />
                              <span
                                class="time-picker-column-item-text flex-1"
                                data-v-56d9fd76=""
                              >
                                
          11
        
                              </span>
                            </button>
                            <button
                              class="time-picker-column-item flex align-center justify-content-center"
                              data-v-56d9fd76=""
                              tabindex="-1"
                              type="button"
                            >
                              <span
                                class="time-picker-column-item-effect"
                                data-v-56d9fd76=""
                                style="background-color: dodgerblue;"
                              />
                              <span
                                class="time-picker-column-item-text flex-1"
                                data-v-56d9fd76=""
                              >
                                
          12
        
                              </span>
                            </button>
                            <button
                              class="time-picker-column-item flex align-center justify-content-center"
                              data-v-56d9fd76=""
                              tabindex="-1"
                              type="button"
                            >
                              <span
                                class="time-picker-column-item-effect"
                                data-v-56d9fd76=""
                                style="background-color: dodgerblue;"
                              />
                              <span
                                class="time-picker-column-item-text flex-1"
                                data-v-56d9fd76=""
                              >
                                
          13
        
                              </span>
                            </button>
                            <button
                              class="time-picker-column-item flex align-center justify-content-center"
                              data-v-56d9fd76=""
                              tabindex="-1"
                              type="button"
                            >
                              <span
                                class="time-picker-column-item-effect"
                                data-v-56d9fd76=""
                                style="background-color: dodgerblue;"
                              />
                              <span
                                class="time-picker-column-item-text flex-1"
                                data-v-56d9fd76=""
                              >
                                
          14
        
                              </span>
                            </button>
                            <button
                              class="time-picker-column-item flex align-center justify-content-center"
                              data-v-56d9fd76=""
                              tabindex="-1"
                              type="button"
                            >
                              <span
                                class="time-picker-column-item-effect"
                                data-v-56d9fd76=""
                                style="background-color: dodgerblue;"
                              />
                              <span
                                class="time-picker-column-item-text flex-1"
                                data-v-56d9fd76=""
                              >
                                
          15
        
                              </span>
                            </button>
                            <button
                              class="time-picker-column-item flex align-center justify-content-center"
                              data-v-56d9fd76=""
                              tabindex="-1"
                              type="button"
                            >
                              <span
                                class="time-picker-column-item-effect"
                                data-v-56d9fd76=""
                                style="background-color: dodgerblue;"
                              />
                              <span
                                class="time-picker-column-item-text flex-1"
                                data-v-56d9fd76=""
                              >
                                
          16
        
                              </span>
                            </button>
                            <button
                              class="time-picker-column-item flex align-center justify-content-center"
                              data-v-56d9fd76=""
                              tabindex="-1"
                              type="button"
                            >
                              <span
                                class="time-picker-column-item-effect"
                                data-v-56d9fd76=""
                                style="background-color: dodgerblue;"
                              />
                              <span
                                class="time-picker-column-item-text flex-1"
                                data-v-56d9fd76=""
                              >
                                
          17
        
                              </span>
                            </button>
                            <button
                              class="time-picker-column-item flex align-center justify-content-center"
                              data-v-56d9fd76=""
                              tabindex="-1"
                              type="button"
                            >
                              <span
                                class="time-picker-column-item-effect"
                                data-v-56d9fd76=""
                                style="background-color: dodgerblue;"
                              />
                              <span
                                class="time-picker-column-item-text flex-1"
                                data-v-56d9fd76=""
                              >
                                
          18
        
                              </span>
                            </button>
                            <button
                              class="time-picker-column-item flex align-center justify-content-center"
                              data-v-56d9fd76=""
                              tabindex="-1"
                              type="button"
                            >
                              <span
                                class="time-picker-column-item-effect"
                                data-v-56d9fd76=""
                                style="background-color: dodgerblue;"
                              />
                              <span
                                class="time-picker-column-item-text flex-1"
                                data-v-56d9fd76=""
                              >
                                
          19
        
                              </span>
                            </button>
                            <button
                              class="time-picker-column-item flex align-center justify-content-center"
                              data-v-56d9fd76=""
                              tabindex="-1"
                              type="button"
                            >
                              <span
                                class="time-picker-column-item-effect"
                                data-v-56d9fd76=""
                                style="background-color: dodgerblue;"
                              />
                              <span
                                class="time-picker-column-item-text flex-1"
                                data-v-56d9fd76=""
                              >
                                
          20
        
                              </span>
                            </button>
                            <button
                              class="time-picker-column-item flex align-center justify-content-center"
                              data-v-56d9fd76=""
                              tabindex="-1"
                              type="button"
                            >
                              <span
                                class="time-picker-column-item-effect"
                                data-v-56d9fd76=""
                                style="background-color: dodgerblue;"
                              />
                              <span
                                class="time-picker-column-item-text flex-1"
                                data-v-56d9fd76=""
                              >
                                
          21
        
                              </span>
                            </button>
                            <button
                              class="time-picker-column-item flex align-center justify-content-center"
                              data-v-56d9fd76=""
                              tabindex="-1"
                              type="button"
                            >
                              <span
                                class="time-picker-column-item-effect"
                                data-v-56d9fd76=""
                                style="background-color: dodgerblue;"
                              />
                              <span
                                class="time-picker-column-item-text flex-1"
                                data-v-56d9fd76=""
                              >
                                
          22
        
                              </span>
                            </button>
                            <button
                              class="time-picker-column-item flex align-center justify-content-center"
                              data-v-56d9fd76=""
                              tabindex="-1"
                              type="button"
                            >
                              <span
                                class="time-picker-column-item-effect"
                                data-v-56d9fd76=""
                                style="background-color: dodgerblue;"
                              />
                              <span
                                class="time-picker-column-item-text flex-1"
                                data-v-56d9fd76=""
                              >
                                
          23
        
                              </span>
                            </button>
                            <button
                              class="time-picker-column-item flex align-center justify-content-center"
                              data-v-56d9fd76=""
                              tabindex="-1"
                              type="button"
                            >
                              <span
                                class="time-picker-column-item-effect"
                                data-v-56d9fd76=""
                                style="background-color: dodgerblue;"
                              />
                              <span
                                class="time-picker-column-item-text flex-1"
                                data-v-56d9fd76=""
                              >
                                
          24
        
                              </span>
                            </button>
                            <button
                              class="time-picker-column-item flex align-center justify-content-center"
                              data-v-56d9fd76=""
                              tabindex="-1"
                              type="button"
                            >
                              <span
                                class="time-picker-column-item-effect"
                                data-v-56d9fd76=""
                                style="background-color: dodgerblue;"
                              />
                              <span
                                class="time-picker-column-item-text flex-1"
                                data-v-56d9fd76=""
                              >
                                
          25
        
                              </span>
                            </button>
                            <button
                              class="time-picker-column-item flex align-center justify-content-center"
                              data-v-56d9fd76=""
                              tabindex="-1"
                              type="button"
                            >
                              <span
                                class="time-picker-column-item-effect"
                                data-v-56d9fd76=""
                                style="background-color: dodgerblue;"
                              />
                              <span
                                class="time-picker-column-item-text flex-1"
                                data-v-56d9fd76=""
                              >
                                
          26
        
                              </span>
                            </button>
                            <button
                              class="time-picker-column-item flex align-center justify-content-center"
                              data-v-56d9fd76=""
                              tabindex="-1"
                              type="button"
                            >
                              <span
                                class="time-picker-column-item-effect"
                                data-v-56d9fd76=""
                                style="background-color: dodgerblue;"
                              />
                              <span
                                class="time-picker-column-item-text flex-1"
                                data-v-56d9fd76=""
                              >
                                
          27
        
                              </span>
                            </button>
                            <button
                              class="time-picker-column-item flex align-center justify-content-center"
                              data-v-56d9fd76=""
                              tabindex="-1"
                              type="button"
                            >
                              <span
                                class="time-picker-column-item-effect"
                                data-v-56d9fd76=""
                                style="background-color: dodgerblue;"
                              />
                              <span
                                class="time-picker-column-item-text flex-1"
                                data-v-56d9fd76=""
                              >
                                
          28
        
                              </span>
                            </button>
                            <button
                              class="time-picker-column-item flex align-center justify-content-center"
                              data-v-56d9fd76=""
                              tabindex="-1"
                              type="button"
                            >
                              <span
                                class="time-picker-column-item-effect"
                                data-v-56d9fd76=""
                                style="background-color: dodgerblue;"
                              />
                              <span
                                class="time-picker-column-item-text flex-1"
                                data-v-56d9fd76=""
                              >
                                
          29
        
                              </span>
                            </button>
                            <button
                              class="time-picker-column-item flex align-center justify-content-center"
                              data-v-56d9fd76=""
                              tabindex="-1"
                              type="button"
                            >
                              <span
                                class="time-picker-column-item-effect"
                                data-v-56d9fd76=""
                                style="background-color: dodgerblue;"
                              />
                              <span
                                class="time-picker-column-item-text flex-1"
                                data-v-56d9fd76=""
                              >
                                
          30
        
                              </span>
                            </button>
                            <button
                              class="time-picker-column-item flex align-center justify-content-center"
                              data-v-56d9fd76=""
                              tabindex="-1"
                              type="button"
                            >
                              <span
                                class="time-picker-column-item-effect"
                                data-v-56d9fd76=""
                                style="background-color: dodgerblue;"
                              />
                              <span
                                class="time-picker-column-item-text flex-1"
                                data-v-56d9fd76=""
                              >
                                
          31
        
                              </span>
                            </button>
                            <button
                              class="time-picker-column-item flex align-center justify-content-center"
                              data-v-56d9fd76=""
                              tabindex="-1"
                              type="button"
                            >
                              <span
                                class="time-picker-column-item-effect"
                                data-v-56d9fd76=""
                                style="background-color: dodgerblue;"
                              />
                              <span
                                class="time-picker-column-item-text flex-1"
                                data-v-56d9fd76=""
                              >
                                
          32
        
                              </span>
                            </button>
                            <button
                              class="time-picker-column-item flex align-center justify-content-center"
                              data-v-56d9fd76=""
                              tabindex="-1"
                              type="button"
                            >
                              <span
                                class="time-picker-column-item-effect"
                                data-v-56d9fd76=""
                                style="background-color: dodgerblue;"
                              />
                              <span
                                class="time-picker-column-item-text flex-1"
                                data-v-56d9fd76=""
                              >
                                
          33
        
                              </span>
                            </button>
                            <button
                              class="time-picker-column-item flex align-center justify-content-center"
                              data-v-56d9fd76=""
                              tabindex="-1"
                              type="button"
                            >
                              <span
                                class="time-picker-column-item-effect"
                                data-v-56d9fd76=""
                                style="background-color: dodgerblue;"
                              />
                              <span
                                class="time-picker-column-item-text flex-1"
                                data-v-56d9fd76=""
                              >
                                
          34
        
                              </span>
                            </button>
                            <button
                              class="time-picker-column-item flex align-center justify-content-center"
                              data-v-56d9fd76=""
                              tabindex="-1"
                              type="button"
                            >
                              <span
                                class="time-picker-column-item-effect"
                                data-v-56d9fd76=""
                                style="background-color: dodgerblue;"
                              />
                              <span
                                class="time-picker-column-item-text flex-1"
                                data-v-56d9fd76=""
                              >
                                
          35
        
                              </span>
                            </button>
                            <button
                              class="time-picker-column-item flex align-center justify-content-center"
                              data-v-56d9fd76=""
                              tabindex="-1"
                              type="button"
                            >
                              <span
                                class="time-picker-column-item-effect"
                                data-v-56d9fd76=""
                                style="background-color: dodgerblue;"
                              />
                              <span
                                class="time-picker-column-item-text flex-1"
                                data-v-56d9fd76=""
                              >
                                
          36
        
                              </span>
                            </button>
                            <button
                              class="time-picker-column-item flex align-center justify-content-center"
                              data-v-56d9fd76=""
                              tabindex="-1"
                              type="button"
                            >
                              <span
                                class="time-picker-column-item-effect"
                                data-v-56d9fd76=""
                                style="background-color: dodgerblue;"
                              />
                              <span
                                class="time-picker-column-item-text flex-1"
                                data-v-56d9fd76=""
                              >
                                
          37
        
                              </span>
                            </button>
                            <button
                              class="time-picker-column-item flex align-center justify-content-center"
                              data-v-56d9fd76=""
                              tabindex="-1"
                              type="button"
                            >
                              <span
                                class="time-picker-column-item-effect"
                                data-v-56d9fd76=""
                                style="background-color: dodgerblue;"
                              />
                              <span
                                class="time-picker-column-item-text flex-1"
                                data-v-56d9fd76=""
                              >
                                
          38
        
                              </span>
                            </button>
                            <button
                              class="time-picker-column-item flex align-center justify-content-center"
                              data-v-56d9fd76=""
                              tabindex="-1"
                              type="button"
                            >
                              <span
                                class="time-picker-column-item-effect"
                                data-v-56d9fd76=""
                                style="background-color: dodgerblue;"
                              />
                              <span
                                class="time-picker-column-item-text flex-1"
                                data-v-56d9fd76=""
                              >
                                
          39
        
                              </span>
                            </button>
                            <button
                              class="time-picker-column-item flex align-center justify-content-center"
                              data-v-56d9fd76=""
                              tabindex="-1"
                              type="button"
                            >
                              <span
                                class="time-picker-column-item-effect"
                                data-v-56d9fd76=""
                                style="background-color: dodgerblue;"
                              />
                              <span
                                class="time-picker-column-item-text flex-1"
                                data-v-56d9fd76=""
                              >
                                
          40
        
                              </span>
                            </button>
                            <button
                              class="time-picker-column-item flex align-center justify-content-center"
                              data-v-56d9fd76=""
                              tabindex="-1"
                              type="button"
                            >
                              <span
                                class="time-picker-column-item-effect"
                                data-v-56d9fd76=""
                                style="background-color: dodgerblue;"
                              />
                              <span
                                class="time-picker-column-item-text flex-1"
                                data-v-56d9fd76=""
                              >
                                
          41
        
                              </span>
                            </button>
                            <button
                              class="time-picker-column-item flex align-center justify-content-center"
                              data-v-56d9fd76=""
                              tabindex="-1"
                              type="button"
                            >
                              <span
                                class="time-picker-column-item-effect"
                                data-v-56d9fd76=""
                                style="background-color: dodgerblue;"
                              />
                              <span
                                class="time-picker-column-item-text flex-1"
                                data-v-56d9fd76=""
                              >
                                
          42
        
                              </span>
                            </button>
                            <button
                              class="time-picker-column-item flex align-center justify-content-center"
                              data-v-56d9fd76=""
                              tabindex="-1"
                              type="button"
                            >
                              <span
                                class="time-picker-column-item-effect"
                                data-v-56d9fd76=""
                                style="background-color: dodgerblue;"
                              />
                              <span
                                class="time-picker-column-item-text flex-1"
                                data-v-56d9fd76=""
                              >
                                
          43
        
                              </span>
                            </button>
                            <button
                              class="time-picker-column-item flex align-center justify-content-center"
                              data-v-56d9fd76=""
                              tabindex="-1"
                              type="button"
                            >
                              <span
                                class="time-picker-column-item-effect"
                                data-v-56d9fd76=""
                                style="background-color: dodgerblue;"
                              />
                              <span
                                class="time-picker-column-item-text flex-1"
                                data-v-56d9fd76=""
                              >
                                
          44
        
                              </span>
                            </button>
                            <button
                              class="time-picker-column-item flex align-center justify-content-center"
                              data-v-56d9fd76=""
                              tabindex="-1"
                              type="button"
                            >
                              <span
                                class="time-picker-column-item-effect"
                                data-v-56d9fd76=""
                                style="background-color: dodgerblue;"
                              />
                              <span
                                class="time-picker-column-item-text flex-1"
                                data-v-56d9fd76=""
                              >
                                
          45
        
                              </span>
                            </button>
                            <button
                              class="time-picker-column-item flex align-center justify-content-center"
                              data-v-56d9fd76=""
                              tabindex="-1"
                              type="button"
                            >
                              <span
                                class="time-picker-column-item-effect"
                                data-v-56d9fd76=""
                                style="background-color: dodgerblue;"
                              />
                              <span
                                class="time-picker-column-item-text flex-1"
                                data-v-56d9fd76=""
                              >
                                
          46
        
                              </span>
                            </button>
                            <button
                              class="time-picker-column-item flex align-center justify-content-center"
                              data-v-56d9fd76=""
                              tabindex="-1"
                              type="button"
                            >
                              <span
                                class="time-picker-column-item-effect"
                                data-v-56d9fd76=""
                                style="background-color: dodgerblue;"
                              />
                              <span
                                class="time-picker-column-item-text flex-1"
                                data-v-56d9fd76=""
                              >
                                
          47
        
                              </span>
                            </button>
                            <button
                              class="time-picker-column-item flex align-center justify-content-center"
                              data-v-56d9fd76=""
                              tabindex="-1"
                              type="button"
                            >
                              <span
                                class="time-picker-column-item-effect"
                                data-v-56d9fd76=""
                                style="background-color: dodgerblue;"
                              />
                              <span
                                class="time-picker-column-item-text flex-1"
                                data-v-56d9fd76=""
                              >
                                
          48
        
                              </span>
                            </button>
                            <button
                              class="time-picker-column-item flex align-center justify-content-center"
                              data-v-56d9fd76=""
                              tabindex="-1"
                              type="button"
                            >
                              <span
                                class="time-picker-column-item-effect"
                                data-v-56d9fd76=""
                                style="background-color: dodgerblue;"
                              />
                              <span
                                class="time-picker-column-item-text flex-1"
                                data-v-56d9fd76=""
                              >
                                
          49
        
                              </span>
                            </button>
                            <button
                              class="time-picker-column-item flex align-center justify-content-center"
                              data-v-56d9fd76=""
                              tabindex="-1"
                              type="button"
                            >
                              <span
                                class="time-picker-column-item-effect"
                                data-v-56d9fd76=""
                                style="background-color: dodgerblue;"
                              />
                              <span
                                class="time-picker-column-item-text flex-1"
                                data-v-56d9fd76=""
                              >
                                
          50
        
                              </span>
                            </button>
                            <button
                              class="time-picker-column-item flex align-center justify-content-center"
                              data-v-56d9fd76=""
                              tabindex="-1"
                              type="button"
                            >
                              <span
                                class="time-picker-column-item-effect"
                                data-v-56d9fd76=""
                                style="background-color: dodgerblue;"
                              />
                              <span
                                class="time-picker-column-item-text flex-1"
                                data-v-56d9fd76=""
                              >
                                
          51
        
                              </span>
                            </button>
                            <button
                              class="time-picker-column-item flex align-center justify-content-center"
                              data-v-56d9fd76=""
                              tabindex="-1"
                              type="button"
                            >
                              <span
                                class="time-picker-column-item-effect"
                                data-v-56d9fd76=""
                                style="background-color: dodgerblue;"
                              />
                              <span
                                class="time-picker-column-item-text flex-1"
                                data-v-56d9fd76=""
                              >
                                
          52
        
                              </span>
                            </button>
                            <button
                              class="time-picker-column-item flex align-center justify-content-center"
                              data-v-56d9fd76=""
                              tabindex="-1"
                              type="button"
                            >
                              <span
                                class="time-picker-column-item-effect"
                                data-v-56d9fd76=""
                                style="background-color: dodgerblue;"
                              />
                              <span
                                class="time-picker-column-item-text flex-1"
                                data-v-56d9fd76=""
                              >
                                
          53
        
                              </span>
                            </button>
                            <button
                              class="time-picker-column-item flex align-center justify-content-center"
                              data-v-56d9fd76=""
                              tabindex="-1"
                              type="button"
                            >
                              <span
                                class="time-picker-column-item-effect"
                                data-v-56d9fd76=""
                                style="background-color: dodgerblue;"
                              />
                              <span
                                class="time-picker-column-item-text flex-1"
                                data-v-56d9fd76=""
                              >
                                
          54
        
                              </span>
                            </button>
                            <button
                              class="time-picker-column-item flex align-center justify-content-center"
                              data-v-56d9fd76=""
                              tabindex="-1"
                              type="button"
                            >
                              <span
                                class="time-picker-column-item-effect"
                                data-v-56d9fd76=""
                                style="background-color: dodgerblue;"
                              />
                              <span
                                class="time-picker-column-item-text flex-1"
                                data-v-56d9fd76=""
                              >
                                
          55
        
                              </span>
                            </button>
                            <button
                              class="time-picker-column-item flex align-center justify-content-center"
                              data-v-56d9fd76=""
                              tabindex="-1"
                              type="button"
                            >
                              <span
                                class="time-picker-column-item-effect"
                                data-v-56d9fd76=""
                                style="background-color: dodgerblue;"
                              />
                              <span
                                class="time-picker-column-item-text flex-1"
                                data-v-56d9fd76=""
                              >
                                
          56
        
                              </span>
                            </button>
                            <button
                              class="time-picker-column-item flex align-center justify-content-center"
                              data-v-56d9fd76=""
                              tabindex="-1"
                              type="button"
                            >
                              <span
                                class="time-picker-column-item-effect"
                                data-v-56d9fd76=""
                                style="background-color: dodgerblue;"
                              />
                              <span
                                class="time-picker-column-item-text flex-1"
                                data-v-56d9fd76=""
                              >
                                
          57
        
                              </span>
                            </button>
                            <button
                              class="time-picker-column-item flex align-center justify-content-center"
                              data-v-56d9fd76=""
                              tabindex="-1"
                              type="button"
                            >
                              <span
                                class="time-picker-column-item-effect"
                                data-v-56d9fd76=""
                                style="background-color: dodgerblue;"
                              />
                              <span
                                class="time-picker-column-item-text flex-1"
                                data-v-56d9fd76=""
                              >
                                
          58
        
                              </span>
                            </button>
                            <button
                              class="time-picker-column-item flex align-center justify-content-center"
                              data-v-56d9fd76=""
                              tabindex="-1"
                              type="button"
                            >
                              <span
                                class="time-picker-column-item-effect"
                                data-v-56d9fd76=""
                                style="background-color: dodgerblue;"
                              />
                              <span
                                class="time-picker-column-item-text flex-1"
                                data-v-56d9fd76=""
                              >
                                
          59
        
                              </span>
                            </button>
                            <div
                              class="after"
                              data-v-56d9fd76=""
                            />
                          </div>
                        </div>
                        <div
                          class="time-picker-column flex-1 flex flex-direction-column text-center"
                          data-v-56d9fd76=""
                        >
                          <div
                            data-v-56d9fd76=""
                          >
                            <div
                              class="before"
                              data-v-56d9fd76=""
                            />
                            <button
                              class="time-picker-column-item flex align-center justify-content-center"
                              data-v-56d9fd76=""
                              tabindex="-1"
                              type="button"
                            >
                              <span
                                class="time-picker-column-item-effect"
                                data-v-56d9fd76=""
                                style="background-color: dodgerblue;"
                              />
                              <span
                                class="time-picker-column-item-text flex-1"
                                data-v-56d9fd76=""
                              >
                                
          am
        
                              </span>
                            </button>
                            <button
                              class="time-picker-column-item flex align-center justify-content-center"
                              data-v-56d9fd76=""
                              tabindex="-1"
                              type="button"
                            >
                              <span
                                class="time-picker-column-item-effect"
                                data-v-56d9fd76=""
                                style="background-color: dodgerblue;"
                              />
                              <span
                                class="time-picker-column-item-text flex-1"
                                data-v-56d9fd76=""
                              >
                                
          pm
        
                              </span>
                            </button>
                            <div
                              class="after"
                              data-v-56d9fd76=""
                            />
                          </div>
                        </div>
                      </div>
                    </div>
                    <div
                      class="datepicker-buttons-container flex justify-content-right button-validate flex-fixed"
                      data-v-1dc7d483=""
                      data-v-fea0e798=""
                    >
                      <!---->
                      <button
                        class="datepicker-button validate flex align-center justify-content-center"
                        data-v-fea0e798=""
                        tabindex="-1"
                        type="button"
                      >
                        <span
                          class="datepicker-button-effect"
                          data-v-fea0e798=""
                        />
                        <svg
                          data-v-fea0e798=""
                          height="24"
                          viewBox="0 0 24 24"
                          width="24"
                          xmlns="http://www.w3.org/2000/svg"
                        >
                          <path
                            d="M0 0h24v24H0z"
                            data-v-fea0e798=""
                            fill="none"
                          />
                          <path
                            d="M9 16.17L4.83 12l-1.42 1.41L9 19 21 7l-1.41-1.41z"
                            data-v-fea0e798=""
                          />
                        </svg>
                      </button>
                    </div>
                  </div>
                </div>
              </div>
               
              <label
                class="standard-label"
                for="location"
              >
                Location
              </label>
               
              <input
                aria-describedby="Location of the event"
                aria-required="true"
                class="standard-placeholder form-control form-control-lg"
                id="location"
                placeholder="HUB 130"
                required="required"
                type="text"
              />
               
              <h2
                class="h2 pb-0 mb-0"
              >
                Food specifications
              </h2>
               
              <h5
                class="h3 mb-2 pb-0"
              >
                Does the food contain allergens?
              </h5>
               
              <p
                class="mb-3"
              >
                
        It's ok if you are unsure, just select to the best of your
        knowledge.
      
              </p>
               
              <div
                class="px-0 container"
              >
                <div
                  class=""
                  id="allergens-checkbox"
                  role="group"
                  tabindex="-1"
                >
                  <div
                    class="row"
                  />
                </div>
              </div>
               
              <h5
                class="h3"
              >
                Do people need to bring food storage containers? 
              </h5>
               
              <div
                class="px-0 container"
              >
                <div
                  class=""
                  id="bring-radio"
                  role="radiogroup"
                  tabindex="-1"
                >
                  <div
                    class="custom-control custom-radio"
                  >
                    <input
                      autocomplete="off"
                      class="custom-control-input"
                      name="bring-radio"
                      type="radio"
                      value="true"
                    />
                    <label
                      class="custom-control-label"
                    >
                      <span>
                        Yes
                      </span>
                    </label>
                  </div>
                   
                  <div
                    class="mt-1 custom-control custom-radio"
                  >
                    <input
                      autocomplete="off"
                      class="custom-control-input"
                      name="bring-radio"
                      type="radio"
                      value="false"
                    />
                    <label
                      class="custom-control-label"
                    >
                      <span>
                        No
                      </span>
                    </label>
                  </div>
                </div>
              </div>
               
              <h2
                class="h2"
              >
                Preview
              </h2>
               
              <div
                class="custom-preview-box"
              >
                <span>
                  Hot Indian buffet food
                </span>
                 from
        
                <span>
                  FIUTS weekly club meeting
                </span>
                .
        
                <br />
                 
                <br />
                
        Quantity:
        
                <span>
                  About 8 full meals
                </span>
                 
                <br />
                
        End time:
        
                <span>
                  11:11 PM
                </span>
                 
                <br />
                
        Location: 
                <span>
                  HUB 130
                </span>
                 
                <!---->
                 
                <br />
                 
                <!---->
              </div>
               
              <div
                class="mt-5"
              >
                <div
                  class="row justify-content-between"
                >
                  <div
                    class="col-md-5 col-lg-4 order-md-2"
                  />
                   
                  <div
                    class="col-md-5 col-lg-4 order-md-2"
                  >
                    <button
                      class="btn mb-3 btn-primary btn-lg btn-block"
                      style="white-space: nowrap;"
                      type="submit"
                    >
                      
              Submit
            
                    </button>
                  </div>
                </div>
              </div>
            </form>
          </div>
           
        </div>
      </div>
    </div>
  </div>
   
  <footer
    class="text-center"
    id="relative-footer"
  >
    <a
      href="mailto:help@uw.edu?subject=Hungry Husky support"
    >
      
        Contact support
      
    </a>
     
    <p>
      © 2019 University of Washington
    </p>
  </footer>
</div>
`;
