// Jest Snapshot v1, https://goo.gl/fbAQLP

exports[`Labelled Input renders correctly textarea 1`] = `
<div>
  <div
    id="modal-null___BV_modal_outer_"
    style="position: absolute; z-index: 1040;"
  >
    <div
      aria-hidden="true"
      class="modal fade"
      id="modal-null"
      role="dialog"
      style="display: none;"
      tabindex="-1"
    >
      <div
        class="modal-dialog modal-md"
      >
        <div
          aria-describedby="modal-null___BV_modal_body_"
          class="modal-content"
          id="modal-null___BV_modal_content_"
          role="document"
        >
          <!---->
          <div
            class="modal-body"
            id="modal-null___BV_modal_body_"
          />
          <!---->
        </div>
      </div>
    </div>
    <!---->
    <!---->
  </div>
</div>
`;
