// Jest Snapshot v1, https://goo.gl/fbAQLP

exports[`Signup Template renders correctly textarea 1`] = `
<div
  class="px-0 container"
>
  <div
    class="container"
  >
    <p>
      You are signing up to be notified about leftover food after on-campus events.
    </p>
     
    <a
      href="#"
    >
       Learn More 
    </a>
  </div>
   
  <hr />
   
  <div
    aria-labelledby="category-heading-null"
    class="form-category my-3 container"
    id="notification-method"
  >
    <h3
      class="h5 pt-2 pb-3 pl-1"
      id="category-heading-null"
    >
      Notification Method 
    </h3>
     
    <div
      class="ml-2 pl-4 container"
    >
      <div
        class="mb-3 custom-controls-stacked"
        id="__BVID__3"
        role="group"
        tabindex="-1"
      >
        <div
          class="custom-control custom-checkbox"
        >
          <input
            autocomplete="off"
            class="custom-control-input"
            id="__BVID__3__BV_check_0_opt_"
            name="__BVID__3"
            true-value="Email"
            type="checkbox"
            value="Email"
          />
          <label
            class="custom-control-label"
            for="__BVID__3__BV_check_0_opt_"
          >
            <span>
              Email
            </span>
          </label>
        </div>
        <div
          class="custom-control custom-checkbox"
        >
          <input
            autocomplete="off"
            class="custom-control-input"
            id="__BVID__3__BV_check_1_opt_"
            name="__BVID__3"
            true-value="SMS/Text"
            type="checkbox"
            value="SMS/Text"
          />
          <label
            class="custom-control-label"
            for="__BVID__3__BV_check_1_opt_"
          >
            <span>
              SMS/Text
            </span>
          </label>
        </div>
      </div>
       
      <!---->
       
      <!---->
    </div>
  </div>
   
  <hr />
   
  <div
    aria-labelledby="category-heading-null"
    class="form-category my-3 container"
    id="terms-of-agreement"
  >
    <h3
      class="h5 pt-2 pb-3 pl-1"
      id="category-heading-null"
    >
      Terms of Agreement 
    </h3>
     
    <div
      class="ml-2 pl-4 container"
    >
      <p>
        <strong>
           Food Safety 
        </strong>
         
        <br />
        
            This is some text talking about food safety. We're not 100% sure what it will say, but it will be kinda long.
        
      </p>
       
      <p>
        <strong>
           Allergens 
        </strong>
         
        <br />
        
            This is some text talking about allergens. We're not 100% sure what it will say, but it will be kinda long.
        
      </p>
       
      <div
        class="custom-control custom-checkbox custom-control-inline"
      >
        <input
          autocomplete="off"
          class="custom-control-input"
          id="__BVID__7"
          true-value="true"
          type="checkbox"
          value="true"
        />
        <label
          class="custom-control-label"
          for="__BVID__7"
        >
          
            I agree to the terms and conditions.
        
        </label>
      </div>
    </div>
  </div>
   
  <hr />
   
  <div
    class="container"
  >
    <a
      class="btn btn-primary float-right mb-3"
      href="/subscribed"
      target="_self"
    >
      
            Sign Up
        
    </a>
  </div>
</div>
`;
