// Jest Snapshot v1, https://goo.gl/fbAQLP

exports[`Welcome Page renders correctly 1`] = `
<div>
  <div
    class="page"
  >
    <div
      id="standard-notification"
    >
      <div
        class="collapse"
        id="notif-container"
        style="display: none;"
      >
        <div
          class="text-center py-3 container-fluid"
        >
          <div
            class="container"
          >
            <div
              class="row justify-content-center"
            >
              <div
                class="col-md-8"
              >
                <div
                  class="h5 text-white pt-2"
                />
              </div>
            </div>
          </div>
        </div>
      </div>
    </div>
     
    <div
      class="page-content pb-2"
    >
      <div
        class="py-2 container-fluid"
        style="background-color: rgb(75, 46, 131);"
      >
        <div
          class="row justify-content-center"
        >
          <div
            class="col-md-8"
          >
            <img
              alt="UW Block Logo"
              class=""
              src="test-file-stub"
              width="40"
            />
          </div>
        </div>
      </div>
       
      <div
        class="container"
      >
        <div
          class="row justify-content-center"
        >
          <div
            class="page-content-padding col-md-12 col-lg-8"
          >
            <h1
              class="pt-md-5 pt-3 pb-2"
              id="standard-heading"
            >
              
    Welcome
  
            </h1>
             
            <div
              id="standard-body"
            >
              <p>
                When you sign up with Hungry Husky, you’ll receive notifications
        through email, text, or both whenever events on campus
        have available food.
              </p>
            </div>
             
            <div
              class="mt-5"
            >
              <div
                class="row justify-content-between"
              >
                <div
                  class="col-md-6 col-lg-5 order-md-2"
                >
                  <button
                    class="btn mb-3 btn-primary btn-lg btn-block"
                    style="white-space: nowrap;"
                    type="submit"
                  >
                    
                      Let's get started
          
                  </button>
                </div>
                 
                <div
                  class="col-md-6 col-lg-5 order-md-1"
                />
              </div>
            </div>
          </div>
        </div>
      </div>
    </div>
     
    <footer
      class="text-center"
      id="relative-footer"
    >
      <a
        href="mailto:help@uw.edu?subject=Hungry Husky support"
      >
        
        Contact support
      
      </a>
       
      <p>
        © 2019 University of Washington
      </p>
    </footer>
  </div>
</div>
`;
