// Jest Snapshot v1, https://goo.gl/fbAQLP

exports[`Food Categories Page renders correctly 1`] = `
<div
  class="page"
>
  <div
    id="standard-notification"
  >
    <div
      class="collapse"
      id="notif-container"
      style="display: none;"
    >
      <div
        class="py-3 container-fluid"
      >
        <div
          class="container"
        >
          <div
            class="row justify-content-center"
          >
            <div
              class="col-md-8"
            >
              <h2
                style="color: white;"
              >
                <strong />
              </h2>
            </div>
          </div>
        </div>
      </div>
    </div>
  </div>
   
  <div
    class="page-content"
  >
     
    <div
      class="container"
    >
      <div
        class="row justify-content-center"
      >
        <div
          class="col-md-8"
        >
          <h1
            class="pt-4 pb-2"
            id="standard-heading"
          >
            
        Before you receive notifications
    
          </h1>
           
          <div
            id="standard-body"
          >
            <p>
              
            We'll need you to agree to the following terms.
        
            </p>
             
            <form
              class=""
            >
              <div
                class="custom-control custom-checkbox"
              >
                <input
                  aria-required="true"
                  autocomplete="off"
                  class="custom-control-input"
                  name="cond1"
                  required="required"
                  type="checkbox"
                  value="cond1"
                />
                <label
                  class="custom-control-label"
                >
                  <span>
                    We cannot confirm all potential allergy ingredients.
                  </span>
                </label>
              </div>
               
              <div
                class="custom-control custom-checkbox"
              >
                <input
                  aria-required="true"
                  autocomplete="off"
                  class="custom-control-input"
                  name="cond2"
                  required="required"
                  type="checkbox"
                  value="cond2"
                />
                <label
                  class="custom-control-label"
                >
                  <span>
                    Placeholder for terms and service
                  </span>
                </label>
              </div>
               
              <div
                class="mt-4"
              >
                <div
                  class="row justify-content-between"
                >
                  <div
                    class="col-md-4 col-lg-3 order-md-2"
                  >
                    <button
                      class="btn mb-3 btn-primary btn-block disabled"
                      disabled="disabled"
                      type="submit"
                    >
                      Continue
                    </button>
                  </div>
                   
                  <div
                    class="col-md-4 col-lg-3 order-md-1"
                  />
                </div>
              </div>
            </form>
          </div>
           
        </div>
      </div>
    </div>
  </div>
</div>
`;
