// Jest Snapshot v1, https://goo.gl/fbAQLP

exports[`Welcome Page renders correctly 1`] = `
<div>
  <div
    class="page"
  >
    <div
      class="page-content pb-2"
    >
      <header
        class="md-5 mb-2"
      >
        <!---->
         
        <div
          class="standard-container mt-md-5 mt-4"
        >
          <h1
            id="standard-heading"
          >
            
    Welcome
  
          </h1>
        </div>
      </header>
       
      <main
        class="standard-container mt-3"
        id="standard-body"
      >
        <p>
          When you sign up with UW Food Alert, you’ll receive notifications
        through email, text, or both whenever events on campus
        have available food.
        </p>
         
        <div
          class="mt-5"
        >
          <div
            class="row justify-content-between"
          >
            <div
              class="col-md-3 col-lg-3 order-md-2"
            >
              <button
                class="btn mb-3 button-text btn-primary btn-lg btn-block"
                style="white-space: nowrap;"
                type="submit"
              >
                
                      Let's go
          
              </button>
            </div>
             
            <div
              class="col-md-6 col-lg-5 order-md-1"
            />
          </div>
        </div>
      </main>
    </div>
     
    <footer
      class="text-center"
      id="relative-footer"
    >
      <a
        href="mailto:help@uw.edu?subject=Hungry Husky support"
      >
        
      Contact support
    
      </a>
       
      <p>
        © 2019 University of Washington
      </p>
    </footer>
  </div>
</div>
`;
